EN eth_receiver_v0 NULL C:/Users/IEUser/Desktop/PTD_4/ETH_Lab_0/eth_receiver_v0.vhd sub00/vhpl31 1621960648
EN rst_gen NULL C:/Users/IEUser/Desktop/PTD_4/ETH_Lab_0/remote_sources/_/src/rst_gen.vhd sub00/vhpl22 1621960640
AR headerrom rtl C:/Users/IEUser/Desktop/PTD_4/ETH_Lab_0/headerrom.vhd sub00/vhpl05 1621960622
EN resynch_20m NULL C:/Users/IEUser/Desktop/PTD_4/ETH_Lab_0/remote_sources/_/src/resynch_20M.vhd sub00/vhpl20 1621960638
AR events2data arch C:/Users/IEUser/Desktop/PTD_4/ETH_Lab_0/remote_sources/_/src/events2data.vhd sub00/vhpl15 1621960633
EN udp_transmiter_v9 NULL C:/Users/IEUser/Desktop/PTD_4/ETH_Lab_0/udp_transmiter_v9.vhd sub00/vhpl25 1621960642
AR pkt_trigger_nots arch C:/Users/IEUser/Desktop/PTD_4/ETH_Lab_0/remote_sources/_/src/pkt_trigger_noTS.vhd sub00/vhpl17 1621960635
AR event_fifo_32_2k event_fifo_32_2k_a C:/Users/IEUser/Desktop/PTD_4/ETH_Lab_0/ipcore_dir/event_fifo_32_2k.vhd sub00/vhpl09 1621960627
PB pkg_eth pkg_eth C:/Users/IEUser/Desktop/PTD_4/ETH_Lab_0/pkg_eth.vhd sub00/vhpl01 1621960618
EN probes2fifo_nots NULL C:/Users/IEUser/Desktop/PTD_4/ETH_Lab_0/probes2fifo_noTS.vhd sub00/vhpl06 1621960624
EN trigger NULL C:/Users/IEUser/Desktop/PTD_4/ETH_Lab_0/trigger.vhd sub00/vhpl33 1621960650
AR udp_transmiter_v9 arch C:/Users/IEUser/Desktop/PTD_4/ETH_Lab_0/udp_transmiter_v9.vhd sub00/vhpl26 1621960643
AR event_fifo_16_2k event_fifo_16_2k_a C:/Users/IEUser/Desktop/PTD_4/ETH_Lab_0/ipcore_dir/event_fifo_16_2k.vhd sub00/vhpl11 1621960629
AR probes2fifo_nots arch C:/Users/IEUser/Desktop/PTD_4/ETH_Lab_0/probes2fifo_noTS.vhd sub00/vhpl07 1621960625
AR udp_daq arc C:/Users/IEUser/Desktop/PTD_4/ETH_Lab_0/udp_daq.vhd sub00/vhpl30 1621960647
EN pkt_trigger_nots NULL C:/Users/IEUser/Desktop/PTD_4/ETH_Lab_0/remote_sources/_/src/pkt_trigger_noTS.vhd sub00/vhpl16 1621960634
EN event_fifo_32_2k NULL C:/Users/IEUser/Desktop/PTD_4/ETH_Lab_0/ipcore_dir/event_fifo_32_2k.vhd sub00/vhpl08 1621960626
AR net_dcm_125_dgb behavioral C:/Users/IEUser/Desktop/PTD_4/ETH_Lab_0/ipcore_dir/net_dcm_125_dgb.vhd sub00/vhpl28 1621960645
AR resynch_20m behav C:/Users/IEUser/Desktop/PTD_4/ETH_Lab_0/remote_sources/_/src/resynch_20M.vhd sub00/vhpl21 1621960639
EN events2data NULL C:/Users/IEUser/Desktop/PTD_4/ETH_Lab_0/remote_sources/_/src/events2data.vhd sub00/vhpl14 1621960632
EN headerrom NULL C:/Users/IEUser/Desktop/PTD_4/ETH_Lab_0/headerrom.vhd sub00/vhpl04 1621960621
PH pkg_eth NULL C:/Users/IEUser/Desktop/PTD_4/ETH_Lab_0/pkg_eth.vhd sub00/vhpl00 1621960617
EN udp_daq NULL C:/Users/IEUser/Desktop/PTD_4/ETH_Lab_0/udp_daq.vhd sub00/vhpl29 1621960646
AR rst_gen arch C:/Users/IEUser/Desktop/PTD_4/ETH_Lab_0/remote_sources/_/src/rst_gen.vhd sub00/vhpl23 1621960641
EN event_fifo_16_2k NULL C:/Users/IEUser/Desktop/PTD_4/ETH_Lab_0/ipcore_dir/event_fifo_16_2k.vhd sub00/vhpl10 1621960628
AR shift_reg_ld arch C:/Users/IEUser/Desktop/PTD_4/ETH_Lab_0/remote_sources/_/src/shift_reg_ld.vhd sub00/vhpl03 1621960620
EN net_dcm_125_dgb NULL C:/Users/IEUser/Desktop/PTD_4/ETH_Lab_0/ipcore_dir/net_dcm_125_dgb.vhd sub00/vhpl27 1621960644
PH pkg_s3_ip NULL C:/Users/IEUser/Desktop/PTD_4/ETH_Lab_0/remote_sources/_/src/pkg/pkg_s3_ip.vhd sub00/vhpl24 1621960623
EN udp_pkt_gen_v9 NULL C:/Users/IEUser/Desktop/PTD_4/ETH_Lab_0/udp_pkt_gen_v9.vhd sub00/vhpl18 1621960636
AR udp_pkt_gen_v9 arch C:/Users/IEUser/Desktop/PTD_4/ETH_Lab_0/udp_pkt_gen_v9.vhd sub00/vhpl19 1621960637
AR eth_receiver_v0 arch C:/Users/IEUser/Desktop/PTD_4/ETH_Lab_0/eth_receiver_v0.vhd sub00/vhpl32 1621960649
EN shift_reg_ld NULL C:/Users/IEUser/Desktop/PTD_4/ETH_Lab_0/remote_sources/_/src/shift_reg_ld.vhd sub00/vhpl02 1621960619
AR data_logger_v0 arc C:/Users/IEUser/Desktop/PTD_4/ETH_Lab_0/data_logger_v0.vhd sub00/vhpl36 1621960653
AR event_fifo_8_2k event_fifo_8_2k_a C:/Users/IEUser/Desktop/PTD_4/ETH_Lab_0/ipcore_dir/event_fifo_8_2k.vhd sub00/vhpl13 1621960631
AR trigger arch C:/Users/IEUser/Desktop/PTD_4/ETH_Lab_0/trigger.vhd sub00/vhpl34 1621960651
EN data_logger_v0 NULL C:/Users/IEUser/Desktop/PTD_4/ETH_Lab_0/data_logger_v0.vhd sub00/vhpl35 1621960652
MO CRC_gen NULL remote_sources/_/src/CRC_gen.v vlg41/_c_r_c__gen.bin 1621960618
EN event_fifo_8_2k NULL C:/Users/IEUser/Desktop/PTD_4/ETH_Lab_0/ipcore_dir/event_fifo_8_2k.vhd sub00/vhpl12 1621960630
