V3 103
FL C:/Users/IEUser/Desktop/PTD_4/ETH_Lab_0/data_logger_v0.vhd 2019/06/05.13:56:17 P.68d
EN work/data_logger_v0 1621960652 \
      FL C:/Users/IEUser/Desktop/PTD_4/ETH_Lab_0/data_logger_v0.vhd \
      PB ieee/std_logic_1164 1370735607 PB ieee/NUMERIC_STD 1370735611 \
      PB ieee/STD_LOGIC_UNSIGNED 1370735609 PB work/pkg_eth 1621960618 \
      PH work/pkg_s3_ip 1621960623 LB UNISIM PH unisim/VCOMPONENTS 1370735613
AR work/data_logger_v0/arc 1621960653 \
      FL C:/Users/IEUser/Desktop/PTD_4/ETH_Lab_0/data_logger_v0.vhd \
      EN work/data_logger_v0 1621960652 CP net_dcm_125_dgb CP ODDR2 CP udp_daq \
      CP eth_receiver_v0 CP trigger
FL C:/Users/IEUser/Desktop/PTD_4/ETH_Lab_0/eth_receiver_v0.vhd 2019/02/20.13:28:57 P.68d
EN work/eth_receiver_v0 1621960648 \
      FL C:/Users/IEUser/Desktop/PTD_4/ETH_Lab_0/eth_receiver_v0.vhd \
      PB ieee/std_logic_1164 1370735607 PB ieee/NUMERIC_STD 1370735611 \
      PB ieee/STD_LOGIC_UNSIGNED 1370735609 PB work/pkg_eth 1621960618 \
      PH work/pkg_s3_ip 1621960623 LB UNISIM PH unisim/VCOMPONENTS 1370735613
AR work/eth_receiver_v0/arch 1621960649 \
      FL C:/Users/IEUser/Desktop/PTD_4/ETH_Lab_0/eth_receiver_v0.vhd \
      EN work/eth_receiver_v0 1621960648
FL C:/Users/IEUser/Desktop/PTD_4/ETH_Lab_0/headerrom.vhd 2019/02/19.11:22:09 P.68d
EN work/headerrom 1621960621 \
      FL C:/Users/IEUser/Desktop/PTD_4/ETH_Lab_0/headerrom.vhd \
      PB ieee/std_logic_1164 1370735607 PB ieee/NUMERIC_STD 1370735611 \
      PB work/pkg_eth 1621960618
AR work/headerrom/rtl 1621960622 \
      FL C:/Users/IEUser/Desktop/PTD_4/ETH_Lab_0/headerrom.vhd EN work/headerrom 1621960621
FL C:/Users/IEUser/Desktop/PTD_4/ETH_Lab_0/ipcore_dir/event_fifo_16_2k.vhd 2019/02/18.13:54:46 P.68d
EN work/event_fifo_16_2k 1621960628 \
      FL C:/Users/IEUser/Desktop/PTD_4/ETH_Lab_0/ipcore_dir/event_fifo_16_2k.vhd \
      PB ieee/std_logic_1164 1370735607
AR work/event_fifo_16_2k/event_fifo_16_2k_a 1621960629 \
      FL C:/Users/IEUser/Desktop/PTD_4/ETH_Lab_0/ipcore_dir/event_fifo_16_2k.vhd \
      EN work/event_fifo_16_2k 1621960628
FL C:/Users/IEUser/Desktop/PTD_4/ETH_Lab_0/ipcore_dir/event_fifo_32_2k.vhd 2019/02/18.13:58:05 P.68d
EN work/event_fifo_32_2k 1621960626 \
      FL C:/Users/IEUser/Desktop/PTD_4/ETH_Lab_0/ipcore_dir/event_fifo_32_2k.vhd \
      PB ieee/std_logic_1164 1370735607
AR work/event_fifo_32_2k/event_fifo_32_2k_a 1621960627 \
      FL C:/Users/IEUser/Desktop/PTD_4/ETH_Lab_0/ipcore_dir/event_fifo_32_2k.vhd \
      EN work/event_fifo_32_2k 1621960626
FL C:/Users/IEUser/Desktop/PTD_4/ETH_Lab_0/ipcore_dir/event_fifo_8_2k.vhd 2019/02/18.13:51:25 P.68d
EN work/event_fifo_8_2k 1621960630 \
      FL C:/Users/IEUser/Desktop/PTD_4/ETH_Lab_0/ipcore_dir/event_fifo_8_2k.vhd \
      PB ieee/std_logic_1164 1370735607
AR work/event_fifo_8_2k/event_fifo_8_2k_a 1621960631 \
      FL C:/Users/IEUser/Desktop/PTD_4/ETH_Lab_0/ipcore_dir/event_fifo_8_2k.vhd \
      EN work/event_fifo_8_2k 1621960630
FL C:/Users/IEUser/Desktop/PTD_4/ETH_Lab_0/ipcore_dir/net_dcm_125_dgb.vhd 2019/02/19.16:12:59 P.68d
EN work/net_dcm_125_dgb 1621960644 \
      FL C:/Users/IEUser/Desktop/PTD_4/ETH_Lab_0/ipcore_dir/net_dcm_125_dgb.vhd \
      PB ieee/std_logic_1164 1370735607 PB ieee/NUMERIC_STD 1370735611 LB UNISIM \
      PH unisim/VCOMPONENTS 1370735613
AR work/net_dcm_125_dgb/BEHAVIORAL 1621960645 \
      FL C:/Users/IEUser/Desktop/PTD_4/ETH_Lab_0/ipcore_dir/net_dcm_125_dgb.vhd \
      EN work/net_dcm_125_dgb 1621960644 CP BUFG CP IBUFG CP DCM_SP
FL C:/Users/IEUser/Desktop/PTD_4/ETH_Lab_0/pkg_eth.vhd 2019/06/05.13:19:48 P.68d
PH work/pkg_eth 1621960617 FL C:/Users/IEUser/Desktop/PTD_4/ETH_Lab_0/pkg_eth.vhd \
      PB ieee/std_logic_1164 1370735607 PB ieee/NUMERIC_STD 1370735611 \
      PB ieee/STD_LOGIC_UNSIGNED 1370735609 PB ieee/MATH_REAL 1370735612 \
      CD pkt_trigger_noTS CD headerrom CD udp_pkt_gen_v9 CD events2data \
      CD shift_reg_ld CD FSR_X CD DSR_1 CD CRC_gen CD rst_gen CD probes2fifo_noTS \
      CD trigger CD udp_transmiter_v9 CD udp_daq CD resynch_20M CD eth_receiver_v0 \
      CD hdr_receiver_v0 CD udp_receiver_v0
PB work/pkg_eth 1621960618 \
      FL C:/Users/IEUser/Desktop/PTD_4/ETH_Lab_0/pkg_eth.vhd PH work/pkg_eth 1621960617
FL C:/Users/IEUser/Desktop/PTD_4/ETH_Lab_0/probes2fifo_noTS.vhd 2019/02/07.13:56:51 P.68d
EN work/probes2fifo_noTS 1621960624 \
      FL C:/Users/IEUser/Desktop/PTD_4/ETH_Lab_0/probes2fifo_noTS.vhd \
      PB ieee/std_logic_1164 1370735607 PB ieee/NUMERIC_STD 1370735611 \
      PB work/pkg_eth 1621960618
AR work/probes2fifo_noTS/arch 1621960625 \
      FL C:/Users/IEUser/Desktop/PTD_4/ETH_Lab_0/probes2fifo_noTS.vhd \
      EN work/probes2fifo_noTS 1621960624
FL C:/Users/IEUser/Desktop/PTD_4/ETH_Lab_0/remote_sources/_/src/events2data.vhd 2016/05/17.10:44:47 P.68d
EN work/events2data 1621960632 \
      FL C:/Users/IEUser/Desktop/PTD_4/ETH_Lab_0/remote_sources/_/src/events2data.vhd \
      PB ieee/std_logic_1164 1370735607 PB ieee/NUMERIC_STD 1370735611
AR work/events2data/arch 1621960633 \
      FL C:/Users/IEUser/Desktop/PTD_4/ETH_Lab_0/remote_sources/_/src/events2data.vhd \
      EN work/events2data 1621960632
FL C:/Users/IEUser/Desktop/PTD_4/ETH_Lab_0/remote_sources/_/src/pkg/pkg_s3_ip.vhd 2019/02/21.11:02:14 P.68d
PH work/pkg_s3_ip 1621960623 \
      FL C:/Users/IEUser/Desktop/PTD_4/ETH_Lab_0/remote_sources/_/src/pkg/pkg_s3_ip.vhd \
      PB ieee/std_logic_1164 1370735607 CD net_dcm_25_dbg CD net_dcm_125_dgb \
      CD event_fifo_8_2k CD event_fifo_16_2k CD event_fifo_32_2k \
      CD event_fifo_64_2k CD pay_fifo_8_2k CD pay_fifo_8_4k
FL C:/Users/IEUser/Desktop/PTD_4/ETH_Lab_0/remote_sources/_/src/pkt_trigger_noTS.vhd 2016/01/14.14:31:00 P.68d
EN work/pkt_trigger_noTS 1621960634 \
      FL C:/Users/IEUser/Desktop/PTD_4/ETH_Lab_0/remote_sources/_/src/pkt_trigger_noTS.vhd \
      PB ieee/std_logic_1164 1370735607 PB ieee/NUMERIC_STD 1370735611
AR work/pkt_trigger_noTS/arch 1621960635 \
      FL C:/Users/IEUser/Desktop/PTD_4/ETH_Lab_0/remote_sources/_/src/pkt_trigger_noTS.vhd \
      EN work/pkt_trigger_noTS 1621960634
FL C:/Users/IEUser/Desktop/PTD_4/ETH_Lab_0/remote_sources/_/src/resynch_20M.vhd 2016/05/18.04:48:52 P.68d
EN work/resynch_20M 1621960638 \
      FL C:/Users/IEUser/Desktop/PTD_4/ETH_Lab_0/remote_sources/_/src/resynch_20M.vhd \
      PB ieee/std_logic_1164 1370735607 PB ieee/STD_LOGIC_UNSIGNED 1370735609
AR work/resynch_20M/behav 1621960639 \
      FL C:/Users/IEUser/Desktop/PTD_4/ETH_Lab_0/remote_sources/_/src/resynch_20M.vhd \
      EN work/resynch_20M 1621960638
FL C:/Users/IEUser/Desktop/PTD_4/ETH_Lab_0/remote_sources/_/src/rst_gen.vhd 2016/03/01.05:49:56 P.68d
EN work/rst_gen 1621960640 \
      FL C:/Users/IEUser/Desktop/PTD_4/ETH_Lab_0/remote_sources/_/src/rst_gen.vhd \
      PB ieee/std_logic_1164 1370735607 PB ieee/NUMERIC_STD 1370735611
AR work/rst_gen/arch 1621960641 \
      FL C:/Users/IEUser/Desktop/PTD_4/ETH_Lab_0/remote_sources/_/src/rst_gen.vhd \
      EN work/rst_gen 1621960640
FL C:/Users/IEUser/Desktop/PTD_4/ETH_Lab_0/remote_sources/_/src/shift_reg_ld.vhd 2015/12/30.05:49:06 P.68d
EN work/shift_reg_ld 1621960619 \
      FL C:/Users/IEUser/Desktop/PTD_4/ETH_Lab_0/remote_sources/_/src/shift_reg_ld.vhd \
      PB ieee/std_logic_1164 1370735607 PB ieee/NUMERIC_STD 1370735611
AR work/shift_reg_ld/arch 1621960620 \
      FL C:/Users/IEUser/Desktop/PTD_4/ETH_Lab_0/remote_sources/_/src/shift_reg_ld.vhd \
      EN work/shift_reg_ld 1621960619
FL C:/Users/IEUser/Desktop/PTD_4/ETH_Lab_0/trigger.vhd 2019/02/19.16:29:50 P.68d
EN work/trigger 1621960650 FL C:/Users/IEUser/Desktop/PTD_4/ETH_Lab_0/trigger.vhd \
      PB ieee/std_logic_1164 1370735607 PB ieee/NUMERIC_STD 1370735611 \
      PB ieee/STD_LOGIC_UNSIGNED 1370735609 PB work/pkg_eth 1621960618
AR work/trigger/arch 1621960651 \
      FL C:/Users/IEUser/Desktop/PTD_4/ETH_Lab_0/trigger.vhd EN work/trigger 1621960650
FL C:/Users/IEUser/Desktop/PTD_4/ETH_Lab_0/udp_daq.vhd 2019/02/19.16:43:26 P.68d
EN work/udp_daq 1621960646 FL C:/Users/IEUser/Desktop/PTD_4/ETH_Lab_0/udp_daq.vhd \
      PB ieee/std_logic_1164 1370735607 PB ieee/NUMERIC_STD 1370735611 \
      PB ieee/STD_LOGIC_UNSIGNED 1370735609 PB work/pkg_eth 1621960618 \
      PH work/pkg_s3_ip 1621960623 LB UNISIM PH unisim/VCOMPONENTS 1370735613
AR work/udp_daq/arc 1621960647 \
      FL C:/Users/IEUser/Desktop/PTD_4/ETH_Lab_0/udp_daq.vhd EN work/udp_daq 1621960646 \
      CP resynch_20M CP rst_gen CP udp_transmiter_v9
FL C:/Users/IEUser/Desktop/PTD_4/ETH_Lab_0/udp_pkt_gen_v9.vhd 2019/02/07.14:11:06 P.68d
EN work/udp_pkt_gen_v9 1621960636 \
      FL C:/Users/IEUser/Desktop/PTD_4/ETH_Lab_0/udp_pkt_gen_v9.vhd \
      PB ieee/std_logic_1164 1370735607 PB ieee/NUMERIC_STD 1370735611 \
      PB work/pkg_eth 1621960618
AR work/udp_pkt_gen_v9/arch 1621960637 \
      FL C:/Users/IEUser/Desktop/PTD_4/ETH_Lab_0/udp_pkt_gen_v9.vhd \
      EN work/udp_pkt_gen_v9 1621960636 CP shift_reg_ld CP headerrom CP CRC_gen
FL C:/Users/IEUser/Desktop/PTD_4/ETH_Lab_0/udp_transmiter_v9.vhd 2019/02/18.15:35:45 P.68d
EN work/udp_transmiter_v9 1621960642 \
      FL C:/Users/IEUser/Desktop/PTD_4/ETH_Lab_0/udp_transmiter_v9.vhd \
      PB ieee/std_logic_1164 1370735607 PB ieee/NUMERIC_STD 1370735611 \
      PB work/pkg_eth 1621960618 PH work/pkg_s3_ip 1621960623 LB UNISIM \
      PH unisim/VCOMPONENTS 1370735613
AR work/udp_transmiter_v9/arch 1621960643 \
      FL C:/Users/IEUser/Desktop/PTD_4/ETH_Lab_0/udp_transmiter_v9.vhd \
      EN work/udp_transmiter_v9 1621960642 CP probes2fifo_noTS CP event_fifo_32_2k \
      CP event_fifo_16_2k CP event_fifo_8_2k CP events2data CP pkt_trigger_noTS \
      CP udp_pkt_gen_v9
